[www.sketchup.com/intl/en/developer/index.html]
[backblue.gif]
[fade.gif]
[index.html]
[www.sketchup.com/intl/en/developer/assets/script_head.js]
[www.sketchup.com/intl/en/developer/assets/screen.css]
[www.sketchup.com/intl/en/developer/assets/saved_resource]
[www.sketchup.com/intl/en/developer/assets/jsapi.js]
[ssl.gstatic.com/editor/button-bg.png]
[www.sketchup.com/intl/en/developer/assets/table.css]
[www.sketchup.com/intl/en/developer/assets/api.js]
[www.sketchup.com/intl/en/developer/assets/saved_resource(1)]
[www.sketchup.com/intl/en/developer/assets/jquery.min.js]
[www.sketchup.com/intl/en/developer/css/local_extensions.css]
[www.sketchup.com/images/SU_Logo.png]
[www.sketchup.com/intl/en/developer/docs/faq.html]
[www.sketchup.com/intl/en/developer/docs/new_to_ruby.html]
[www.sketchup.com/intl/en/developer/docs/tutorial_console.html]
[www.sketchup.com/intl/en/developer/docs/tutorial_helloworld.html]
[www.sketchup.com/intl/en/developer/docs/examples.html]
[www.sketchup.com/intl/en/developer/docs/tutorial_geometry.html]
[www.sketchup.com/intl/en/developer/docs/tutorial_camera.html]
[www.sketchup.com/intl/en/developer/docs/loading.html]
[www.sketchup.com/intl/en/developer/docs/tutorial_attrreporting.html]
[www.sketchup.com/intl/en/developer/docs/tutorial_distributing.html]
[www.sketchup.com/intl/en/developer/assets/jquery-ui.min.js]
[www.sketchup.com/intl/en/developer/docs/tutorial_licensing.html]
[www.sketchup.com/intl/en/developer/docs/classes.html]
[www.sketchup.com/intl/en/developer/docs/methods.html]
[www.sketchup.com/intl/en/developer/docs/utilities.html]
[www.sketchup.com/intl/en/developer/docs/ourdoc/sketchup.html]
[www.sketchup.com/intl/en/developer/docs/ourdoc/model.html]
[www.sketchup.com/intl/en/developer/docs/ourdoc/attributedictionary.html]
[www.sketchup.com/intl/en/developer/docs/ourdoc/animation.html]
[www.sketchup.com/intl/en/developer/docs/ourdoc/color.html]
[www.sketchup.com/intl/en/developer/docs/ourdoc/camera.html]
[www.sketchup.com/intl/en/developer/docs/ourdoc/extensionlicense.html]
[www.sketchup.com/intl/en/developer/docs/ourdoc/sketchupextension.html]
[www.sketchup.com/intl/en/developer/docs/ourdoc/importer.html]
[www.sketchup.com/intl/en/developer/docs/ourdoc/languagehandler.html]
[www.sketchup.com/intl/en/developer/docs/ourdoc/licensing.html]
[www.sketchup.com/intl/en/developer/docs/ourdoc/optionsmanager.html]
[www.sketchup.com/intl/en/developer/docs/ourdoc/optionsprovider.html]
[www.sketchup.com/intl/en/developer/docs/ourdoc/set.html]
[www.sketchup.com/intl/en/developer/docs/ourdoc/texturewriter.html]
[www.sketchup.com/intl/en/developer/docs/ourdoc/view.html]
[www.sketchup.com/intl/en/developer/docs/ourdoc/uvhelper.html]
[www.sketchup.com/intl/en/developer/docs/ourdoc/entity.html]
[www.sketchup.com/intl/en/developer/docs/ourdoc/drawingelement.html]
[www.sketchup.com/intl/en/developer/docs/ourdoc/axes.html]
[www.sketchup.com/intl/en/developer/docs/ourdoc/behavior.html]
[www.sketchup.com/intl/en/developer/docs/ourdoc/arccurve.html]
[www.sketchup.com/intl/en/developer/docs/ourdoc/classificationschema.html]
[www.sketchup.com/intl/en/developer/docs/ourdoc/componentdefinition.html]
[www.sketchup.com/intl/en/developer/docs/ourdoc/constructionline.html]
[www.sketchup.com/intl/en/developer/docs/ourdoc/componentinstance.html]
[www.sketchup.com/intl/en/developer/docs/ourdoc/constructionpoint.html]
[www.sketchup.com/intl/en/developer/docs/ourdoc/curve.html]
[www.sketchup.com/intl/en/developer/docs/ourdoc/dimensionlinear.html]
[www.sketchup.com/intl/en/developer/docs/ourdoc/dimension.html]
[www.sketchup.com/intl/en/developer/docs/ourdoc/dimensionradial.html]
[www.sketchup.com/intl/en/developer/docs/ourdoc/edge.html]
[www.sketchup.com/intl/en/developer/docs/ourdoc/face.html]
[www.sketchup.com/intl/en/developer/docs/ourdoc/group.html]
[www.sketchup.com/intl/en/developer/docs/ourdoc/edgeuse.html]
[www.sketchup.com/intl/en/developer/docs/ourdoc/image.html]
[www.sketchup.com/intl/en/developer/docs/ourdoc/material.html]
[www.sketchup.com/intl/en/developer/docs/ourdoc/layer.html]
[www.sketchup.com/intl/en/developer/docs/ourdoc/loop.html]
[www.sketchup.com/intl/en/developer/docs/ourdoc/page.html]
[www.sketchup.com/intl/en/developer/docs/ourdoc/shadowinfo.html]
[www.sketchup.com/intl/en/developer/docs/ourdoc/sectionplane.html]
[www.sketchup.com/intl/en/developer/docs/ourdoc/style.html]
[www.sketchup.com/intl/en/developer/docs/ourdoc/texture.html]
[www.sketchup.com/intl/en/developer/docs/ourdoc/text.html]
[www.sketchup.com/intl/en/developer/docs/ourdoc/classifications.html]
[www.sketchup.com/intl/en/developer/docs/ourdoc/attributedictionaries.html]
[www.sketchup.com/intl/en/developer/docs/ourdoc/definitionlist.html]
[www.sketchup.com/intl/en/developer/docs/ourdoc/entities.html]
[www.sketchup.com/intl/en/developer/docs/ourdoc/layers.html]
[www.sketchup.com/intl/en/developer/docs/ourdoc/materials.html]
[www.sketchup.com/intl/en/developer/docs/ourdoc/pages.html]
[www.sketchup.com/intl/en/developer/docs/ourdoc/renderingoptions.html]
[www.sketchup.com/intl/en/developer/docs/ourdoc/selection.html]
[www.sketchup.com/intl/en/developer/docs/ourdoc/tools.html]
[www.sketchup.com/intl/en/developer/docs/ourdoc/geom.html]
[www.sketchup.com/intl/en/developer/docs/ourdoc/styles.html]
[www.sketchup.com/intl/en/developer/docs/ourdoc/boundingbox.html]
[www.sketchup.com/intl/en/developer/docs/ourdoc/latlong.html]
[www.sketchup.com/intl/en/developer/docs/ourdoc/point3d.html]
[www.sketchup.com/intl/en/developer/docs/ourdoc/polygonmesh.html]
[www.sketchup.com/intl/en/developer/docs/ourdoc/vertex.html]
[www.sketchup.com/intl/en/developer/docs/ourdoc/vector3d.html]
[www.sketchup.com/intl/en/developer/docs/ourdoc/transformation.html]
[www.sketchup.com/intl/en/developer/docs/ourdoc/utm.html]
[www.sketchup.com/intl/en/developer/docs/ourdoc/ui.html]
[www.sketchup.com/intl/en/developer/docs/ourdoc/command.html]
[www.sketchup.com/intl/en/developer/docs/ourdoc/inputpoint.html]
[www.sketchup.com/intl/en/developer/docs/ourdoc/console.html]
[www.sketchup.com/intl/en/developer/docs/ourdoc/pickhelper.html]
[www.sketchup.com/intl/en/developer/docs/ourdoc/menu.html]
[www.sketchup.com/intl/en/developer/docs/ourdoc/tool.html]
[www.sketchup.com/intl/en/developer/docs/ourdoc/toolbar.html]
[www.sketchup.com/intl/en/developer/docs/ourdoc/webdialog.html]
[www.sketchup.com/intl/en/developer/docs/ourdoc/appobserver.html]
[www.sketchup.com/intl/en/developer/docs/ourdoc/definitionobserver.html]
[www.sketchup.com/intl/en/developer/docs/ourdoc/dimensionobserver.html]
[www.sketchup.com/intl/en/developer/docs/ourdoc/entitiesobserver.html]
[www.sketchup.com/intl/en/developer/docs/ourdoc/definitionsobserver.html]
[www.sketchup.com/intl/en/developer/docs/ourdoc/instanceobserver.html]
[www.sketchup.com/intl/en/developer/docs/ourdoc/layersobserver.html]
[www.sketchup.com/intl/en/developer/docs/ourdoc/entityobserver.html]
[www.sketchup.com/intl/en/developer/docs/ourdoc/materialsobserver.html]
[www.sketchup.com/intl/en/developer/assets/format+en,default,table.I.js]
[www.sketchup.com/intl/en/developer/docs/ourdoc/pagesobserver.html]
[www.sketchup.com/intl/en/developer/docs/ourdoc/modelobserver.html]
[www.sketchup.com/intl/en/developer/docs/ourdoc/renderingoptionsobserver.html]
[www.sketchup.com/intl/en/developer/docs/ourdoc/selectionobserver.html]
[www.sketchup.com/intl/en/developer/docs/ourdoc/optionsproviderobserver.html]
[www.sketchup.com/intl/en/developer/docs/ourdoc/shadowinfoobserver.html]
[www.sketchup.com/intl/en/developer/docs/ourdoc/toolsobserver.html]
[www.sketchup.com/intl/en/developer/assets/default+en.I.js]
[www.sketchup.com/intl/en/developer/docs/ourdoc/array.html]
[www.sketchup.com/intl/en/developer/docs/ourdoc/length.html]
[www.sketchup.com/intl/en/developer/docs/ourdoc/viewobserver.html]
[www.sketchup.com/intl/en/developer/docs/ourdoc/numeric.html]
[www.sketchup.com/intl/en/developer/docs/ourdoc/string.html]
[www.sketchup.com/intl/en/developer/docs/releases.html]
[www.sketchup.com/intl/en/developer/docs/tos.html]
[www.sketchup.com/intl/en/developer/images/rubyapilogo.jpg]
[www.sketchup.com/intl/en/developer/images/icon_tool.jpg]
[www.sketchup.com/intl/en/developer/images/icon_reports.jpg]
[www.sketchup.com/intl/en/developer/images/icon_automate.jpg]
[www.sketchup.com/intl/en/developer/images/icon_business.jpg]
[www.sketchup.com/intl/en/developer/docs/index.html]
[www.sketchup.com/intl/en/developer/sdk_start.html]
[www.sketchup.com/images/FooterTrimble.png]
[apis.google.com/js/plusone4608.js]
[www.sketchup.com/intl/en/developer/index.html]
[www.sketchup.com/_static/images/confidential-watermark.png]
[www.sketchup.com/_static/images/pagespeed-32.png]
[www.sketchup.com/intl/en/developer/images/tag-icon.png]
[www.sketchup.com/_static/images/x.png]
[www.sketchup.com/_static/images/disclosure_arrow_dk_grey.png]
[www.sketchup.com/_static/images/white-down-arrow.png]
[www.sketchup.com/_static/images/event-icon-16.png]
[www.sketchup.com/_static/images/hangout.png]
[www.sketchup.com/_static/images/conference-icon-16.png]
[www.sketchup.com/_static/images/youtube-16.png]
[www.sketchup.com/_static/images/disclosure_arrow_dk_grey_up_down.png]
[www.sketchup.com/_static/images/check_no_box.png]
[www.sketchup.com/_static/images/dogfood-16.png]
[www.sketchup.com/_static/images/icons_sprite.cache.png]
[www.sketchup.com/_static/images/arrow-sprites.png]
[www.sketchup.com/_static/images/navdot-plain.png]
[www.sketchup.com/_static/images/navdot-selected.png]
[www.sketchup.com/_static/images/showcase_icons.png]
[www.sketchup.com/_static/images/devquiz-logo.png]
[www.sketchup.com/images/check.png]
[www.sketchup.com/images/red_x.png]
[www.sketchup.com/intl/en/developer/assets/screen.css]
[www.sketchup.com/intl/en/developer/assets/title-bg.gif]
[www.sketchup.com/intl/en/developer/assets/table.css]
[www.sketchup.com/intl/en/developer/css/local_extensions.css]
[www.sketchup.com/intl/en/developer/assets/script_foot.js]
[www.sketchup.com/intl/en/developer/images/faq.gif]
[www.sketchup.com/intl/en/developer/images/ruby_extension.gif]
[www.sketchup.com/intl/en/developer/docs/faq.html]
[www.sketchup.com/intl/en/developer/images/trafficlight.jpg]
[www.sketchup.com/intl/en/developer/docs/new_to_ruby.html]
[www.sketchup.com/intl/en/developer/images/rubyconsole.gif]
[www.sketchup.com/intl/en/developer/images/console_step4.gif]
[www.sketchup.com/intl/en/developer/docs/tutorial_console.html]
[www.sketchup.com/intl/en/developer/images/helloworld_step3.gif]
[www.sketchup.com/intl/en/developer/docs/tutorial_helloworld.html]
[www.sketchup.com/intl/en/developer/docs/examples.html]
[www.sketchup.com/intl/en/developer/images/geometry_step4.png]
[www.sketchup.com/intl/en/developer/images/geometry_step1.png]
[www.sketchup.com/intl/en/developer/images/geometry_step2.png]
[www.sketchup.com/intl/en/developer/images/geometry_step3.png]
[www.sketchup.com/intl/en/developer/docs/tutorial_geometry.html]
[www.sketchup.com/intl/en/developer/images/camera_step0.gif]
[www.sketchup.com/intl/en/developer/images/camera_step1a.gif]
[www.sketchup.com/intl/en/developer/images/camera_step1.gif]
[www.sketchup.com/intl/en/developer/images/camera_step2.gif]
[www.sketchup.com/intl/en/developer/images/camera_step3.gif]
[www.sketchup.com/intl/en/developer/docs/tutorial_camera.html]
[www.sketchup.com/intl/en/developer/docs/loading.html]
[www.sketchup.com/intl/en/developer/docs/tutorial_attrreporting.html]
[www.sketchup.com/intl/en/developer/docs/tutorial_distributing.html]
[www.sketchup.com/intl/en/developer/docs/tutorial_licensing.html]
[www.sketchup.com/intl/en/developer/images/docshome.gif]
[www.sketchup.com/intl/en/developer/docs/ourdoc/extensionsmanager.html]
[www.sketchup.com/intl/en/developer/docs/classes.html]
[www.sketchup.com/intl/en/developer/docs/methods.html]
[www.sketchup.com/intl/en/developer/docs/utilities.html]
[www.sketchup.com/intl/en/developer/docs/ourdoc/sketchup.html]
[www.sketchup.com/intl/en/developer/docs/ourdoc/model.html]
[www.sketchup.com/intl/en/developer/docs/ourdoc/attributedictionary.html]
[www.sketchup.com/intl/en/developer/docs/ourdoc/animation.html]
[www.sketchup.com/intl/en/developer/docs/ourdoc/camera.html]
[www.sketchup.com/intl/en/developer/docs/ourdoc/color.html]
[www.sketchup.com/intl/en/developer/docs/ourdoc/extensionlicense.html]
[www.sketchup.com/intl/en/developer/docs/ourdoc/sketchupextension.html]
[www.sketchup.com/intl/en/developer/docs/ourdoc/importer.html]
[www.sketchup.com/intl/en/developer/docs/ourdoc/languagehandler.html]
[www.sketchup.com/intl/en/developer/docs/ourdoc/licensing.html]
[www.sketchup.com/intl/en/developer/docs/ourdoc/optionsmanager.html]
[www.sketchup.com/intl/en/developer/docs/ourdoc/optionsprovider.html]
[www.sketchup.com/intl/en/developer/docs/ourdoc/set.html]
[www.sketchup.com/intl/en/developer/docs/ourdoc/texturewriter.html]
[www.sketchup.com/intl/en/developer/docs/ourdoc/view.html]
[www.sketchup.com/intl/en/developer/docs/ourdoc/uvhelper.html]
[www.sketchup.com/intl/en/developer/docs/ourdoc/entity.html]
[www.sketchup.com/intl/en/developer/docs/ourdoc/drawingelement.html]
[www.sketchup.com/intl/en/developer/docs/ourdoc/arccurve.html]
[www.sketchup.com/intl/en/developer/docs/ourdoc/axes.html]
[www.sketchup.com/intl/en/developer/docs/ourdoc/behavior.html]
[www.sketchup.com/intl/en/developer/docs/ourdoc/classificationschema.html]
[www.sketchup.com/intl/en/developer/docs/ourdoc/componentdefinition.html]
[www.sketchup.com/intl/en/developer/docs/ourdoc/componentinstance.html]
[www.sketchup.com/intl/en/developer/docs/ourdoc/constructionline.html]
[www.sketchup.com/intl/en/developer/docs/ourdoc/constructionpoint.html]
[www.sketchup.com/intl/en/developer/docs/ourdoc/curve.html]
[www.sketchup.com/intl/en/developer/docs/ourdoc/dimension.html]
[www.sketchup.com/intl/en/developer/docs/ourdoc/dimensionlinear.html]
[www.sketchup.com/intl/en/developer/docs/ourdoc/dimensionradial.html]
[www.sketchup.com/intl/en/developer/docs/ourdoc/edge.html]
[www.sketchup.com/intl/en/developer/docs/ourdoc/edgeuse.html]
[www.sketchup.com/intl/en/developer/docs/ourdoc/face.html]
[www.sketchup.com/intl/en/developer/docs/ourdoc/group.html]
[www.sketchup.com/intl/en/developer/docs/ourdoc/image.html]
[www.sketchup.com/intl/en/developer/docs/ourdoc/material.html]
[www.sketchup.com/intl/en/developer/docs/ourdoc/layer.html]
[www.sketchup.com/intl/en/developer/docs/ourdoc/loop.html]
[www.sketchup.com/intl/en/developer/docs/ourdoc/page.html]
[www.sketchup.com/intl/en/developer/docs/ourdoc/sectionplane.html]
[www.sketchup.com/intl/en/developer/docs/ourdoc/shadowinfo.html]
[www.sketchup.com/intl/en/developer/docs/ourdoc/style.html]
[www.sketchup.com/intl/en/developer/docs/ourdoc/text.html]
[www.sketchup.com/intl/en/developer/docs/ourdoc/texture.html]
[www.sketchup.com/intl/en/developer/docs/ourdoc/attributedictionaries.html]
[www.sketchup.com/intl/en/developer/docs/ourdoc/classifications.html]
[www.sketchup.com/intl/en/developer/docs/ourdoc/definitionlist.html]
[www.sketchup.com/intl/en/developer/docs/ourdoc/entities.html]
[www.sketchup.com/intl/en/developer/docs/ourdoc/layers.html]
[www.sketchup.com/intl/en/developer/docs/ourdoc/materials.html]
[www.sketchup.com/intl/en/developer/docs/ourdoc/pages.html]
[www.sketchup.com/intl/en/developer/docs/ourdoc/renderingoptions.html]
[www.sketchup.com/intl/en/developer/docs/ourdoc/selection.html]
[www.sketchup.com/intl/en/developer/docs/ourdoc/styles.html]
[www.sketchup.com/intl/en/developer/docs/ourdoc/tools.html]
[www.sketchup.com/intl/en/developer/docs/ourdoc/geom.html]
[www.sketchup.com/intl/en/developer/docs/ourdoc/boundingbox.html]
[www.sketchup.com/intl/en/developer/docs/ourdoc/latlong.html]
[www.sketchup.com/intl/en/developer/docs/ourdoc/point3d.html]
[www.sketchup.com/intl/en/developer/docs/ourdoc/polygonmesh.html]
[www.sketchup.com/intl/en/developer/docs/ourdoc/vector3d.html]
[www.sketchup.com/intl/en/developer/docs/ourdoc/vertex.html]
[www.sketchup.com/intl/en/developer/docs/ourdoc/transformation.html]
[www.sketchup.com/intl/en/developer/docs/ourdoc/utm.html]
[www.sketchup.com/intl/en/developer/docs/ourdoc/ui.html]
[www.sketchup.com/intl/en/developer/docs/ourdoc/command.html]
[www.sketchup.com/intl/en/developer/docs/ourdoc/console.html]
[www.sketchup.com/intl/en/developer/docs/ourdoc/inputpoint.html]
[www.sketchup.com/intl/en/developer/docs/ourdoc/pickhelper.html]
[www.sketchup.com/intl/en/developer/docs/ourdoc/menu.html]
[www.sketchup.com/intl/en/developer/docs/ourdoc/tool.html]
[www.sketchup.com/intl/en/developer/docs/ourdoc/toolbar.html]
[www.sketchup.com/intl/en/developer/docs/ourdoc/webdialog.html]
[www.sketchup.com/intl/en/developer/docs/ourdoc/appobserver.html]
[www.sketchup.com/intl/en/developer/docs/ourdoc/definitionobserver.html]
[www.sketchup.com/intl/en/developer/docs/ourdoc/definitionsobserver.html]
[www.sketchup.com/intl/en/developer/docs/ourdoc/dimensionobserver.html]
[www.sketchup.com/intl/en/developer/docs/ourdoc/entitiesobserver.html]
[www.sketchup.com/intl/en/developer/docs/ourdoc/entityobserver.html]
[www.sketchup.com/intl/en/developer/docs/ourdoc/instanceobserver.html]
[www.sketchup.com/intl/en/developer/docs/ourdoc/layersobserver.html]
[www.sketchup.com/intl/en/developer/docs/ourdoc/materialsobserver.html]
[www.sketchup.com/intl/en/developer/docs/ourdoc/modelobserver.html]
[www.sketchup.com/intl/en/developer/docs/ourdoc/optionsproviderobserver.html]
[www.sketchup.com/intl/en/developer/docs/ourdoc/pagesobserver.html]
[www.sketchup.com/intl/en/developer/docs/ourdoc/renderingoptionsobserver.html]
[www.sketchup.com/intl/en/developer/docs/ourdoc/selectionobserver.html]
[www.sketchup.com/intl/en/developer/docs/ourdoc/shadowinfoobserver.html]
[www.sketchup.com/intl/en/developer/docs/ourdoc/toolsobserver.html]
[www.sketchup.com/intl/en/developer/docs/ourdoc/viewobserver.html]
[www.sketchup.com/intl/en/developer/docs/ourdoc/array.html]
[www.sketchup.com/intl/en/developer/docs/ourdoc/length.html]
[www.sketchup.com/intl/en/developer/docs/ourdoc/numeric.html]
[www.sketchup.com/intl/en/developer/docs/ourdoc/string.html]
[www.sketchup.com/intl/en/developer/docs/ourdoc/sketchup-2.html]
[www.sketchup.com/intl/en/developer/docs/releases.html]
[www.sketchup.com/intl/en/developer/api-terms-of-service.pdf]
[www.sketchup.com/intl/en/developer/docs/tos.html]
[www.sketchup.com/intl/en/developer/docs/ourdoc/extensionslicense]
[www.sketchup.com/intl/en/developer/docs/index.html]
[www.sketchup.com/intl/en/developer/'http_/extensions.sketchup.com/developer_center/']
[www.sketchup.com/intl/en/developer/su-api/tabs.css]
[www.sketchup.com/intl/en/developer/su-api/search/search.css]
[www.sketchup.com/intl/en/developer/su-api/doxygen.css]
[www.sketchup.com/intl/en/developer/su-api/sketchup.css]
[www.sketchup.com/intl/en/developer/sdk_start.css]
[www.sketchup.com/intl/en/developer/su-api/index.html]
[www.sketchup.com/intl/en/developer/sdk_start.html]
[www.sketchup.com/_static/images/confidential-watermark.html]
[code.google.com/images/icon_sprite-35.html]
[www.sketchup.com/_static/images/pagespeed-32.html]
[www.sketchup.com/intl/en/developer/images/tag-icon.html]
[www.sketchup.com/_static/images/x.html]
[www.sketchup.com/_static/images/disclosure_arrow_dk_grey.html]
[www.sketchup.com/_static/images/white-down-arrow.html]
[www.sketchup.com/_static/images/event-icon-16.html]
[www.sketchup.com/_static/images/hangout.html]
[www.sketchup.com/_static/images/conference-icon-16.html]
[www.sketchup.com/_static/images/youtube-16.html]
[www.sketchup.com/_static/images/disclosure_arrow_dk_grey_up_down.html]
[www.sketchup.com/_static/images/check_no_box.html]
[www.sketchup.com/_static/images/dogfood-16.html]
[www.sketchup.com/_static/images/icons_sprite.cache.html]
[www.sketchup.com/_static/images/arrow-sprites.html]
[www.sketchup.com/_static/images/navdot-plain.html]
[www.sketchup.com/_static/images/navdot-selected.html]
[www.sketchup.com/_static/images/showcase_icons.html]
[www.sketchup.com/_static/images/devquiz-logo.html]
[www.sketchup.com/images/check.html]
[www.sketchup.com/images/red_x.html]
[www.sketchup.com/intl/en/developer/assets/title-bg.html]
[www.sketchup.com/intl/en/developer/docs/ourdoc/extensionsmanager.html]
[www.sketchup.com/intl/en/developer/docs/ourdoc/sketchup-2.html]
[www.sketchup.com/intl/en/developer/docs/ourdoc/extensionslicense.html]
[www.sketchup.com/intl/en/developer/'http_/extensions.sketchup.com/developer_center/'.html]
[www.sketchup.com/intl/en/developer/su-api/tab_b.png]
[www.sketchup.com/intl/en/developer/su-api/tab_s.png]
[www.sketchup.com/intl/en/developer/su-api/tab_h.png]
[www.sketchup.com/intl/en/developer/su-api/tab_a.png]
[www.sketchup.com/intl/en/developer/su-api/tabs.css]
[www.sketchup.com/intl/en/developer/su-api/search/search_l.png]
[www.sketchup.com/intl/en/developer/su-api/search/search_m.png]
[www.sketchup.com/intl/en/developer/su-api/search/search_r.png]
[www.sketchup.com/intl/en/developer/su-api/search/search.css]
[www.sketchup.com/intl/en/developer/su-api/nav_f.png]
[www.sketchup.com/intl/en/developer/su-api/nav_g.png]
[www.sketchup.com/intl/en/developer/su-api/bc_s.png]
[www.sketchup.com/intl/en/developer/su-api/nav_h.png]
[www.sketchup.com/intl/en/developer/su-api/bdwn.png]
[www.sketchup.com/intl/en/developer/su-api/doxygen.css]
[www.sketchup.com/intl/en/developer/su-api/su-logo-140.png]
[www.sketchup.com/intl/en/developer/su-api/trimble-logo-small.png]
[www.sketchup.com/intl/en/developer/su-api/sketchup.css]
[www.sketchup.com/intl/en/developer/sdk_start.css]
[www.sketchup.com/intl/en/developer/su-api/dynsections.js]
[www.sketchup.com/intl/en/developer/su-api/jquery.js]
[www.sketchup.com/intl/en/developer/su-api/annotated.html]
[www.sketchup.com/intl/en/developer/su-api/files.html]
[www.sketchup.com/intl/en/developer/su-api/search/search.js]
[www.sketchup.com/intl/en/developer/su-api/search/mag_sel.png]
[www.sketchup.com/intl/en/developer/su-api/search/close.png]
[www.sketchup.com/intl/en/developer/su-api]
[www.sketchup.com/intl/en/developer/su-api/slapi_8h.html]
[www.sketchup.com/intl/en/developer/su-api/geometry_8h.html]
[www.sketchup.com/intl/en/developer/su-api/initialize_8h.html]
[www.sketchup.com/intl/en/developer/su-api/unicodestring_8h.html]
[www.sketchup.com/intl/en/developer/su-api/model_8h.html]
[www.sketchup.com/intl/en/developer/su-api/entities_8h.html]
[www.sketchup.com/intl/en/developer/su-api/face_8h.html]
[www.sketchup.com/intl/en/developer/su-api/edge_8h.html]
[www.sketchup.com/intl/en/developer/su-api/vertex_8h.html]
[www.sketchup.com/intl/en/developer/su-api/struct_s_u_model_ref.html]
[www.sketchup.com/intl/en/developer/su-api/struct_s_u_entities_ref.html]
[www.sketchup.com/intl/en/developer/su-api/struct_s_u_vertex_ref.html]
[www.sketchup.com/intl/en/developer/su-api/struct_s_u_point3_d.html]
[www.sketchup.com/intl/en/developer/su-api/struct_s_u_string_ref.html]
[www.sketchup.com/intl/en/developer/su-api/struct_s_u_loop_input_ref.html]
[www.sketchup.com/intl/en/developer/su-api/geometry__input_8h.html]
[www.sketchup.com/intl/en/developer/su-api/struct_s_u_face_ref.html]
[www.sketchup.com/intl/en/developer/su-api/struct_s_u_edge_ref.html]
[www.sketchup.com/intl/en/developer/su-api/struct_s_u_layer_ref.html]
[www.sketchup.com/intl/en/developer/su-api/layer_8h.html]
[www.sketchup.com/intl/en/developer/su-api/struct_s_u_material_ref.html]
[www.sketchup.com/intl/en/developer/su-api/material_8h.html]
[www.sketchup.com/intl/en/developer/su-api/struct_s_u_texture_ref.html]
[www.sketchup.com/intl/en/developer/su-api/texture_8h.html]
[www.sketchup.com/intl/en/developer/su-api/struct_s_u_geometry_input_ref.html]
[www.sketchup.com/intl/en/developer/su-api/struct_s_u_mesh_helper_ref.html]
[www.sketchup.com/intl/en/developer/su-api/struct_s_u_u_v_helper_ref.html]
[www.sketchup.com/intl/en/developer/su-api/struct_s_u_component_instance_ref.html]
[www.sketchup.com/intl/en/developer/su-api/component__definition_8h.html]
[www.sketchup.com/intl/en/developer/su-api/component__instance_8h.html]
[www.sketchup.com/intl/en/developer/su-api/struct_s_u_image_ref.html]
[www.sketchup.com/intl/en/developer/su-api/image_8h.html]
[www.sketchup.com/intl/en/developer/su-api/doxygen.png]
[www.sketchup.com/intl/en/developer/su-api/index.html]
[www.sketchup.com/intl/en/developer/su-api/classes.html]
[www.sketchup.com/intl/en/developer/su-api/hierarchy.html]
[www.sketchup.com/intl/en/developer/su-api/functions.html]
[www.sketchup.com/intl/en/developer/su-api/ftv2node.png]
[www.sketchup.com/intl/en/developer/su-api/ftv2cl.png]
[www.sketchup.com/intl/en/developer/su-api/class_sketch_up_deprecated_model_exporter_interface.html]
[www.sketchup.com/intl/en/developer/su-api/class_sketch_up_model_exporter_interface.html]
[www.sketchup.com/intl/en/developer/su-api/class_sketch_up_model_importer_interface.html]
[www.sketchup.com/intl/en/developer/su-api/class_sketch_up_plugin_progress_callback.html]
[www.sketchup.com/intl/en/developer/su-api/struct_s_u_attribute_dictionary_ref.html]
[www.sketchup.com/intl/en/developer/su-api/struct_s_u_typed_value_ref.html]
[www.sketchup.com/intl/en/developer/su-api/struct_s_u_bounding_box3_d.html]
[www.sketchup.com/intl/en/developer/su-api/struct_s_u_camera_ref.html]
[www.sketchup.com/intl/en/developer/su-api/struct_s_u_classifications_ref.html]
[www.sketchup.com/intl/en/developer/su-api/struct_s_u_color.html]
[www.sketchup.com/intl/en/developer/su-api/struct_s_u_component_behavior.html]
[www.sketchup.com/intl/en/developer/su-api/struct_s_u_component_definition_ref.html]
[www.sketchup.com/intl/en/developer/su-api/struct_s_u_curve_ref.html]
[www.sketchup.com/intl/en/developer/su-api/struct_s_u_drawing_element_ref.html]
[www.sketchup.com/intl/en/developer/su-api/struct_s_u_edge_use_ref.html]
[www.sketchup.com/intl/en/developer/su-api/struct_s_u_loop_ref.html]
[www.sketchup.com/intl/en/developer/su-api/struct_s_u_entity_ref.html]
[www.sketchup.com/intl/en/developer/su-api/struct_s_u_extension_license.html]
[www.sketchup.com/intl/en/developer/su-api/struct_s_u_group_ref.html]
[www.sketchup.com/intl/en/developer/su-api/struct_s_u_guide_point_ref.html]
[www.sketchup.com/intl/en/developer/su-api/struct_s_u_location_ref.html]
[www.sketchup.com/intl/en/developer/su-api/struct_s_u_material_input.html]
[www.sketchup.com/intl/en/developer/su-api/struct_s_u_model_statistics.html]
[www.sketchup.com/intl/en/developer/su-api/struct_s_u_opening_ref.html]
[www.sketchup.com/intl/en/developer/su-api/struct_s_u_options_manager_ref.html]
[www.sketchup.com/intl/en/developer/su-api/struct_s_u_options_provider_ref.html]
[www.sketchup.com/intl/en/developer/su-api/struct_s_u_plane3_d.html]
[www.sketchup.com/intl/en/developer/su-api/struct_s_u_point2_d.html]
[www.sketchup.com/intl/en/developer/su-api/struct_s_u_polyline3d_ref.html]
[www.sketchup.com/intl/en/developer/su-api/struct_s_u_rendering_options_ref.html]
[www.sketchup.com/intl/en/developer/su-api/struct_s_u_scene_ref.html]
[www.sketchup.com/intl/en/developer/su-api/struct_s_u_schema_ref.html]
[www.sketchup.com/intl/en/developer/su-api/struct_s_u_schema_type_ref.html]
[www.sketchup.com/intl/en/developer/su-api/struct_s_u_shadow_info_ref.html]
[www.sketchup.com/intl/en/developer/su-api/struct_s_u_texture_writer_ref.html]
[www.sketchup.com/intl/en/developer/su-api/mesh__helper_8h.html]
[www.sketchup.com/intl/en/developer/su-api/struct_s_u_transformation.html]
[www.sketchup.com/intl/en/developer/su-api/struct_s_u_u_v_q.html]
[www.sketchup.com/intl/en/developer/su-api/struct_s_u_vector3_d.html]
[www.sketchup.com/intl/en/developer/su-api/ftv2lastnode.png]
[www.sketchup.com/intl/en/developer/su-api/annotated.html]
[www.sketchup.com/intl/en/developer/su-api/globals.html]
[www.sketchup.com/intl/en/developer/su-api/ftv2mlastnode.png]
[www.sketchup.com/intl/en/developer/su-api/ftv2folderopen.png]
[www.sketchup.com/intl/en/developer/su-api/dir_2fb2d75333c5ed2fadd44cbae1692ef0.html]
[www.sketchup.com/intl/en/developer/su-api/ftv2blank.png]
[www.sketchup.com/intl/en/developer/su-api/ftv2mnode.png]
[www.sketchup.com/intl/en/developer/su-api/dir_fbb51df42a287d1b4611331c7d0ba297.html]
[www.sketchup.com/intl/en/developer/su-api/ftv2vertline.png]
[www.sketchup.com/intl/en/developer/su-api/modelexporterplugin_8h_source.html]
[www.sketchup.com/intl/en/developer/su-api/ftv2doc.png]
[www.sketchup.com/intl/en/developer/su-api/modelexporterplugin_8h.html]
[www.sketchup.com/intl/en/developer/su-api/modelimporterplugin_8h_source.html]
[www.sketchup.com/intl/en/developer/su-api/modelimporterplugin_8h.html]
[www.sketchup.com/intl/en/developer/su-api/pluginprogresscallback_8h_source.html]
[www.sketchup.com/intl/en/developer/su-api/pluginprogresscallback_8h.html]
[www.sketchup.com/intl/en/developer/su-api/dir_e2ed8b63a698c0cf8a4afd5a39ebc849.html]
[www.sketchup.com/intl/en/developer/su-api/attribute__dictionary_8h_source.html]
[www.sketchup.com/intl/en/developer/su-api/attribute__dictionary_8h.html]
[www.sketchup.com/intl/en/developer/su-api/camera_8h_source.html]
[www.sketchup.com/intl/en/developer/su-api/camera_8h.html]
[www.sketchup.com/intl/en/developer/su-api/classifications_8h_source.html]
[www.sketchup.com/intl/en/developer/su-api/classifications_8h.html]
[www.sketchup.com/intl/en/developer/su-api/component__definition_8h_source.html]
[www.sketchup.com/intl/en/developer/su-api/component__instance_8h_source.html]
[www.sketchup.com/intl/en/developer/su-api/curve_8h_source.html]
[www.sketchup.com/intl/en/developer/su-api/curve_8h.html]
[www.sketchup.com/intl/en/developer/su-api/defs_8h_source.html]
[www.sketchup.com/intl/en/developer/su-api/defs_8h.html]
[www.sketchup.com/intl/en/developer/su-api/drawing__element_8h_source.html]
[www.sketchup.com/intl/en/developer/su-api/drawing__element_8h.html]
[www.sketchup.com/intl/en/developer/su-api/edge_8h_source.html]
[www.sketchup.com/intl/en/developer/su-api/edge__use_8h_source.html]
[www.sketchup.com/intl/en/developer/su-api/edge__use_8h.html]
[www.sketchup.com/intl/en/developer/su-api/entities_8h_source.html]
[www.sketchup.com/intl/en/developer/su-api/entity_8h_source.html]
[www.sketchup.com/intl/en/developer/su-api/entity_8h.html]
[www.sketchup.com/intl/en/developer/su-api/face_8h_source.html]
[www.sketchup.com/intl/en/developer/su-api/geometry__input_8h_source.html]
[www.sketchup.com/intl/en/developer/su-api/group_8h_source.html]
[www.sketchup.com/intl/en/developer/su-api/group_8h.html]
[www.sketchup.com/intl/en/developer/su-api/guide__point_8h_source.html]
[www.sketchup.com/intl/en/developer/su-api/guide__point_8h.html]
[www.sketchup.com/intl/en/developer/su-api/image_8h_source.html]
[www.sketchup.com/intl/en/developer/su-api/layer_8h_source.html]
[www.sketchup.com/intl/en/developer/su-api/location_8h_source.html]
[www.sketchup.com/intl/en/developer/su-api/location_8h.html]
[www.sketchup.com/intl/en/developer/su-api/loop_8h_source.html]
[www.sketchup.com/intl/en/developer/su-api/loop_8h.html]
[www.sketchup.com/intl/en/developer/su-api/material_8h_source.html]
[www.sketchup.com/intl/en/developer/su-api/mesh__helper_8h_source.html]
[www.sketchup.com/intl/en/developer/su-api/model_8h_source.html]
[www.sketchup.com/intl/en/developer/su-api/opening_8h_source.html]
[www.sketchup.com/intl/en/developer/su-api/opening_8h.html]
[www.sketchup.com/intl/en/developer/su-api/options__manager_8h_source.html]
[www.sketchup.com/intl/en/developer/su-api/options__manager_8h.html]
[www.sketchup.com/intl/en/developer/su-api/options__provider_8h_source.html]
[www.sketchup.com/intl/en/developer/su-api/options__provider_8h.html]
[www.sketchup.com/intl/en/developer/su-api/polyline3d_8h_source.html]
[www.sketchup.com/intl/en/developer/su-api/polyline3d_8h.html]
[www.sketchup.com/intl/en/developer/su-api/rendering__options_8h_source.html]
[www.sketchup.com/intl/en/developer/su-api/rendering__options_8h.html]
[www.sketchup.com/intl/en/developer/su-api/scene_8h_source.html]
[www.sketchup.com/intl/en/developer/su-api/scene_8h.html]
[www.sketchup.com/intl/en/developer/su-api/schema_8h_source.html]
[www.sketchup.com/intl/en/developer/su-api/schema_8h.html]
[www.sketchup.com/intl/en/developer/su-api/schema__type_8h_source.html]
[www.sketchup.com/intl/en/developer/su-api/schema__type_8h.html]
[www.sketchup.com/intl/en/developer/su-api/shadow__info_8h_source.html]
[www.sketchup.com/intl/en/developer/su-api/shadow__info_8h.html]
[www.sketchup.com/intl/en/developer/su-api/texture_8h_source.html]
[www.sketchup.com/intl/en/developer/su-api/texture__writer_8h_source.html]
[www.sketchup.com/intl/en/developer/su-api/texture__writer_8h.html]
[www.sketchup.com/intl/en/developer/su-api/typed__value_8h_source.html]
[www.sketchup.com/intl/en/developer/su-api/typed__value_8h.html]
[www.sketchup.com/intl/en/developer/su-api/uv__helper_8h_source.html]
[www.sketchup.com/intl/en/developer/su-api/uv__helper_8h.html]
[www.sketchup.com/intl/en/developer/su-api/vertex_8h_source.html]
[www.sketchup.com/intl/en/developer/su-api/color_8h_source.html]
[www.sketchup.com/intl/en/developer/su-api/color_8h.html]
[www.sketchup.com/intl/en/developer/su-api/extension__license_8h_source.html]
[www.sketchup.com/intl/en/developer/su-api/extension__license_8h.html]
[www.sketchup.com/intl/en/developer/su-api/geometry_8h_source.html]
[www.sketchup.com/intl/en/developer/su-api/initialize_8h_source.html]
[www.sketchup.com/intl/en/developer/su-api/slapi_8h_source.html]
[www.sketchup.com/intl/en/developer/su-api/transformation_8h_source.html]
[www.sketchup.com/intl/en/developer/su-api/transformation_8h.html]
[www.sketchup.com/intl/en/developer/su-api/unicodestring_8h_source.html]
[www.sketchup.com/intl/en/developer/su-api/files.html]
[www.sketchup.com/intl/en/developer/su-api.html]
[www.sketchup.com/intl/en/developer/su-api/slapi_8h.html]
[www.sketchup.com/intl/en/developer/su-api/geometry_8h.html]
[www.sketchup.com/intl/en/developer/su-api/initialize_8h.html]
[www.sketchup.com/intl/en/developer/su-api/unicodestring_8h.html]
[www.sketchup.com/intl/en/developer/su-api/model_8h.html]
[www.sketchup.com/intl/en/developer/su-api/entities_8h.html]
[www.sketchup.com/intl/en/developer/su-api/face_8h.html]
[www.sketchup.com/intl/en/developer/su-api/edge_8h.html]
[www.sketchup.com/intl/en/developer/su-api/vertex_8h.html]
[www.sketchup.com/intl/en/developer/su-api/struct_s_u_model_ref.html]
[www.sketchup.com/intl/en/developer/su-api/struct_s_u_entities_ref.html]
[www.sketchup.com/intl/en/developer/su-api/struct_s_u_vertex_ref.html]
[www.sketchup.com/intl/en/developer/su-api/struct_s_u_point3_d.html]
[www.sketchup.com/intl/en/developer/su-api/struct_s_u_string_ref.html]
[www.sketchup.com/intl/en/developer/su-api/struct_s_u_loop_input_ref.html]
[www.sketchup.com/intl/en/developer/su-api/geometry__input_8h.html]
[www.sketchup.com/intl/en/developer/su-api/struct_s_u_face_ref.html]
[www.sketchup.com/intl/en/developer/su-api/struct_s_u_edge_ref.html]
[www.sketchup.com/intl/en/developer/su-api/struct_s_u_layer_ref.html]
[www.sketchup.com/intl/en/developer/su-api/layer_8h.html]
[www.sketchup.com/intl/en/developer/su-api/struct_s_u_material_ref.html]
[www.sketchup.com/intl/en/developer/su-api/material_8h.html]
[www.sketchup.com/intl/en/developer/su-api/struct_s_u_texture_ref.html]
[www.sketchup.com/intl/en/developer/su-api/texture_8h.html]
[www.sketchup.com/intl/en/developer/su-api/struct_s_u_geometry_input_ref.html]
[www.sketchup.com/intl/en/developer/su-api/struct_s_u_mesh_helper_ref.html]
[www.sketchup.com/intl/en/developer/su-api/struct_s_u_u_v_helper_ref.html]
[www.sketchup.com/intl/en/developer/su-api/struct_s_u_component_instance_ref.html]
[www.sketchup.com/intl/en/developer/su-api/component__definition_8h.html]
[www.sketchup.com/intl/en/developer/su-api/component__instance_8h.html]
[www.sketchup.com/intl/en/developer/su-api/struct_s_u_image_ref.html]
[www.sketchup.com/intl/en/developer/su-api/image_8h.html]
[www.sketchup.com/intl/en/developer/su-api/classes.html]
[www.sketchup.com/intl/en/developer/su-api/hierarchy.html]
[www.sketchup.com/intl/en/developer/su-api/functions_func.html]
[www.sketchup.com/intl/en/developer/su-api/functions_vars.html]
[www.sketchup.com/intl/en/developer/su-api/functions_enum.html]
[www.sketchup.com/intl/en/developer/su-api/functions_eval.html]
[www.sketchup.com/intl/en/developer/su-api/functions.html]
[www.sketchup.com/intl/en/developer/su-api/class_sketch_up_deprecated_model_exporter_interface.png]
[www.sketchup.com/intl/en/developer/su-api/closed.png]
[www.sketchup.com/intl/en/developer/su-api/class_sketch_up_deprecated_model_exporter_interface.html]
[www.sketchup.com/intl/en/developer/su-api/class_sketch_up_model_exporter_interface.png]
[www.sketchup.com/intl/en/developer/su-api/class_sketch_up_model_exporter_interface.html]
[www.sketchup.com/intl/en/developer/su-api/class_sketch_up_model_importer_interface.html]
[www.sketchup.com/intl/en/developer/su-api/class_sketch_up_plugin_progress_callback.html]
[www.sketchup.com/intl/en/developer/su-api/struct_s_u_attribute_dictionary_ref.html]
[www.sketchup.com/intl/en/developer/su-api/struct_s_u_typed_value_ref.html]
[www.sketchup.com/intl/en/developer/su-api/struct_s_u_bounding_box3_d.html]
[www.sketchup.com/intl/en/developer/su-api/struct_s_u_camera_ref.html]
[www.sketchup.com/intl/en/developer/su-api/struct_s_u_classifications_ref.html]
[www.sketchup.com/intl/en/developer/su-api/struct_s_u_color.html]
[www.sketchup.com/intl/en/developer/su-api/struct_s_u_component_behavior.html]
[www.sketchup.com/intl/en/developer/su-api/struct_s_u_component_definition_ref.html]
[www.sketchup.com/intl/en/developer/su-api/struct_s_u_curve_ref.html]
[www.sketchup.com/intl/en/developer/su-api/struct_s_u_drawing_element_ref.html]
[www.sketchup.com/intl/en/developer/su-api/struct_s_u_edge_use_ref.html]
[www.sketchup.com/intl/en/developer/su-api/struct_s_u_loop_ref.html]
[www.sketchup.com/intl/en/developer/su-api/struct_s_u_entity_ref.html]
[www.sketchup.com/intl/en/developer/su-api/struct_s_u_extension_license.html]
[www.sketchup.com/intl/en/developer/su-api/struct_s_u_group_ref.html]
[www.sketchup.com/intl/en/developer/su-api/struct_s_u_guide_point_ref.html]
[www.sketchup.com/intl/en/developer/su-api/struct_s_u_location_ref.html]
[www.sketchup.com/intl/en/developer/su-api/struct_s_u_material_input.html]
[www.sketchup.com/intl/en/developer/su-api/struct_s_u_model_statistics.html]
[www.sketchup.com/intl/en/developer/su-api/struct_s_u_opening_ref.html]
[www.sketchup.com/intl/en/developer/su-api/struct_s_u_options_manager_ref.html]
[www.sketchup.com/intl/en/developer/su-api/struct_s_u_options_provider_ref.html]
[www.sketchup.com/intl/en/developer/su-api/struct_s_u_plane3_d.html]
[www.sketchup.com/intl/en/developer/su-api/struct_s_u_point2_d.html]
[www.sketchup.com/intl/en/developer/su-api/struct_s_u_polyline3d_ref.html]
[www.sketchup.com/intl/en/developer/su-api/struct_s_u_rendering_options_ref.html]
[www.sketchup.com/intl/en/developer/su-api/struct_s_u_scene_ref.html]
[www.sketchup.com/intl/en/developer/su-api/struct_s_u_schema_ref.html]
[www.sketchup.com/intl/en/developer/su-api/struct_s_u_schema_type_ref.html]
[www.sketchup.com/intl/en/developer/su-api/struct_s_u_shadow_info_ref.html]
[www.sketchup.com/intl/en/developer/su-api/struct_s_u_texture_writer_ref.html]
[www.sketchup.com/intl/en/developer/su-api/mesh__helper_8h.html]
[www.sketchup.com/intl/en/developer/su-api/struct_s_u_transformation.html]
[www.sketchup.com/intl/en/developer/su-api/struct_s_u_u_v_q.html]
[www.sketchup.com/intl/en/developer/su-api/struct_s_u_vector3_d.html]
[www.sketchup.com/intl/en/developer/su-api/globals_func.html]
[www.sketchup.com/intl/en/developer/su-api/globals_type.html]
[www.sketchup.com/intl/en/developer/su-api/globals_enum.html]
[www.sketchup.com/intl/en/developer/su-api/globals_eval.html]
[www.sketchup.com/intl/en/developer/su-api/globals_defs.html]
[www.sketchup.com/intl/en/developer/su-api/globals_0x69.html]
[www.sketchup.com/intl/en/developer/su-api/globals_0x73.html]
[www.sketchup.com/intl/en/developer/su-api/globals_0x75.html]
[www.sketchup.com/intl/en/developer/su-api/globals.html]
[www.sketchup.com/intl/en/developer/su-api/dir_2fb2d75333c5ed2fadd44cbae1692ef0.html]
[www.sketchup.com/intl/en/developer/su-api/dir_fbb51df42a287d1b4611331c7d0ba297.html]
[www.sketchup.com/intl/en/developer/su-api/modelexporterplugin_8h_source.html]
[www.sketchup.com/intl/en/developer/su-api/modelexporterplugin_8h.html]
[www.sketchup.com/intl/en/developer/su-api/modelimporterplugin_8h_source.html]
[www.sketchup.com/intl/en/developer/su-api/modelimporterplugin_8h.html]
[www.sketchup.com/intl/en/developer/su-api/pluginprogresscallback_8h_source.html]
[www.sketchup.com/intl/en/developer/su-api/pluginprogresscallback_8h.html]
[www.sketchup.com/intl/en/developer/su-api/dir_e2ed8b63a698c0cf8a4afd5a39ebc849.html]
[www.sketchup.com/intl/en/developer/su-api/attribute__dictionary_8h_source.html]
[www.sketchup.com/intl/en/developer/su-api/attribute__dictionary_8h.html]
[www.sketchup.com/intl/en/developer/su-api/camera_8h_source.html]
[www.sketchup.com/intl/en/developer/su-api/camera_8h.html]
[www.sketchup.com/intl/en/developer/su-api/classifications_8h_source.html]
[www.sketchup.com/intl/en/developer/su-api/classifications_8h.html]
[www.sketchup.com/intl/en/developer/su-api/component__definition_8h_source.html]
[www.sketchup.com/intl/en/developer/su-api/component__instance_8h_source.html]
[www.sketchup.com/intl/en/developer/su-api/curve_8h_source.html]
[www.sketchup.com/intl/en/developer/su-api/curve_8h.html]
[www.sketchup.com/intl/en/developer/su-api/defs_8h_source.html]
[www.sketchup.com/intl/en/developer/su-api/defs_8h.html]
[www.sketchup.com/intl/en/developer/su-api/drawing__element_8h_source.html]
[www.sketchup.com/intl/en/developer/su-api/drawing__element_8h.html]
[www.sketchup.com/intl/en/developer/su-api/edge_8h_source.html]
[www.sketchup.com/intl/en/developer/su-api/edge__use_8h_source.html]
[www.sketchup.com/intl/en/developer/su-api/edge__use_8h.html]
[www.sketchup.com/intl/en/developer/su-api/entities_8h_source.html]
[www.sketchup.com/intl/en/developer/su-api/entity_8h_source.html]
[www.sketchup.com/intl/en/developer/su-api/entity_8h.html]
[www.sketchup.com/intl/en/developer/su-api/face_8h_source.html]
[www.sketchup.com/intl/en/developer/su-api/geometry__input_8h_source.html]
[www.sketchup.com/intl/en/developer/su-api/group_8h_source.html]
[www.sketchup.com/intl/en/developer/su-api/group_8h.html]
[www.sketchup.com/intl/en/developer/su-api/guide__point_8h_source.html]
[www.sketchup.com/intl/en/developer/su-api/guide__point_8h.html]
[www.sketchup.com/intl/en/developer/su-api/image_8h_source.html]
[www.sketchup.com/intl/en/developer/su-api/layer_8h_source.html]
[www.sketchup.com/intl/en/developer/su-api/location_8h_source.html]
[www.sketchup.com/intl/en/developer/su-api/location_8h.html]
[www.sketchup.com/intl/en/developer/su-api/loop_8h_source.html]
[www.sketchup.com/intl/en/developer/su-api/loop_8h.html]
[www.sketchup.com/intl/en/developer/su-api/material_8h_source.html]
[www.sketchup.com/intl/en/developer/su-api/mesh__helper_8h_source.html]
[www.sketchup.com/intl/en/developer/su-api/model_8h_source.html]
[www.sketchup.com/intl/en/developer/su-api/opening_8h_source.html]
[www.sketchup.com/intl/en/developer/su-api/opening_8h.html]
[www.sketchup.com/intl/en/developer/su-api/options__manager_8h_source.html]
[www.sketchup.com/intl/en/developer/su-api/options__manager_8h.html]
[www.sketchup.com/intl/en/developer/su-api/options__provider_8h_source.html]
[www.sketchup.com/intl/en/developer/su-api/options__provider_8h.html]
[www.sketchup.com/intl/en/developer/su-api/polyline3d_8h_source.html]
[www.sketchup.com/intl/en/developer/su-api/polyline3d_8h.html]
[www.sketchup.com/intl/en/developer/su-api/rendering__options_8h_source.html]
[www.sketchup.com/intl/en/developer/su-api/rendering__options_8h.html]
[www.sketchup.com/intl/en/developer/su-api/scene_8h_source.html]
[www.sketchup.com/intl/en/developer/su-api/scene_8h.html]
[www.sketchup.com/intl/en/developer/su-api/schema_8h_source.html]
[www.sketchup.com/intl/en/developer/su-api/schema_8h.html]
[www.sketchup.com/intl/en/developer/su-api/schema__type_8h_source.html]
[www.sketchup.com/intl/en/developer/su-api/schema__type_8h.html]
[www.sketchup.com/intl/en/developer/su-api/shadow__info_8h_source.html]
[www.sketchup.com/intl/en/developer/su-api/shadow__info_8h.html]
[www.sketchup.com/intl/en/developer/su-api/texture_8h_source.html]
[www.sketchup.com/intl/en/developer/su-api/texture__writer_8h_source.html]
[www.sketchup.com/intl/en/developer/su-api/texture__writer_8h.html]
[www.sketchup.com/intl/en/developer/su-api/typed__value_8h_source.html]
[www.sketchup.com/intl/en/developer/su-api/typed__value_8h.html]
[www.sketchup.com/intl/en/developer/su-api/uv__helper_8h_source.html]
[www.sketchup.com/intl/en/developer/su-api/uv__helper_8h.html]
[www.sketchup.com/intl/en/developer/su-api/vertex_8h_source.html]
[www.sketchup.com/intl/en/developer/su-api/color_8h_source.html]
[www.sketchup.com/intl/en/developer/su-api/color_8h.html]
[www.sketchup.com/intl/en/developer/su-api/extension__license_8h_source.html]
[www.sketchup.com/intl/en/developer/su-api/extension__license_8h.html]
[www.sketchup.com/intl/en/developer/su-api/geometry_8h_source.html]
[www.sketchup.com/intl/en/developer/su-api/initialize_8h_source.html]
[www.sketchup.com/intl/en/developer/su-api/slapi_8h_source.html]
[www.sketchup.com/intl/en/developer/su-api/transformation_8h_source.html]
[www.sketchup.com/intl/en/developer/su-api/transformation_8h.html]
[www.sketchup.com/intl/en/developer/su-api/unicodestring_8h_source.html]
[www.sketchup.com/intl/en/developer/su-api/functions_func.html]
[www.sketchup.com/intl/en/developer/su-api/functions_vars.html]
[www.sketchup.com/intl/en/developer/su-api/functions_enum.html]
[www.sketchup.com/intl/en/developer/su-api/functions_eval.html]
[www.sketchup.com/intl/en/developer/su-api/globals_func.html]
[www.sketchup.com/intl/en/developer/su-api/globals_type.html]
[www.sketchup.com/intl/en/developer/su-api/globals_enum.html]
[www.sketchup.com/intl/en/developer/su-api/globals_eval.html]
[www.sketchup.com/intl/en/developer/su-api/globals_defs.html]
[www.sketchup.com/intl/en/developer/su-api/globals_0x69.html]
[www.sketchup.com/intl/en/developer/su-api/globals_0x73.html]
[www.sketchup.com/intl/en/developer/su-api/globals_0x75.html]
